// Jest Snapshot v1, https://goo.gl/fbAQLP

exports[`should render 1`] = `
<div
  className={undefined}
>
  <a
    className={undefined}
    href="/"
    onClick={[Function]}
  >
    IMS
  </a>
</div>
`;
